// Jest Snapshot v1, https://goo.gl/fbAQLP

exports[`Pruebas en el compoente <GifGridItem  /> Debe mostrar el conponente <GifGridItem /> correctamente 1`] = `
<div
  className="card animate__animated animate__bounce"
>
  <img
    alt="Goku"
    src="https://images.com/12345"
  />
  <p>
    Goku
  </p>
</div>
`;
